apiVersion: v1
kind: Namespace
metadata:
  annotations: {}
  labels:
    app.kubernetes.io/component: operator
    app.kubernetes.io/instance: openshift-machineset-egress-cidr-operator
    app.kubernetes.io/managed-by: commodore
    app.kubernetes.io/name: machineset-egress-cidr-operator
    name: syn-machineset-egress-cidr-operator
  name: syn-machineset-egress-cidr-operator
